[05:36:32] ============================================================
[05:36:32] Perturb+cascade on iso_tv_21_0, anchor E=26, best=26
[05:36:32] Strategy: random k-intercalate perturbation → CP-SAT re-optimize
[05:36:32] ============================================================
[05:36:32] trial=  1 k=6 E_perturbed=48 seed=1516897935
[05:38:32]   -> E=35 cl13=18 cl23=17 t=120.8s
[05:38:32] trial=  2 k=1 E_perturbed=30 seed=1498375166
[05:40:32]   -> E=30 cl13=11 cl23=19 t=120.1s
[05:40:33] trial=  3 k=6 E_perturbed=40 seed=204864278
[00:38:20] ============================================================
[00:38:20] Perturb+cascade on iso_tv_21_0, anchor E=26, best=26
[00:38:20] Strategy: random k-intercalate perturbation → CP-SAT re-optimize
[00:38:20] ============================================================
[00:38:20] trial=  1 k=6 E_perturbed=48 seed=1516897935
[00:40:21]   -> E=35 cl13=18 cl23=17 t=120.8s
[00:40:21] trial=  2 k=1 E_perturbed=30 seed=1498375166
[00:42:21]   -> E=30 cl13=11 cl23=19 t=120.0s
[00:42:21] trial=  3 k=6 E_perturbed=40 seed=204864278
[00:44:21]   -> E=39 cl13=18 cl23=21 t=120.0s
[00:44:21] trial=  4 k=3 E_perturbed=36 seed=1084687471
[00:46:21]   -> E=36 cl13=16 cl23=20 t=120.0s
[00:46:21] trial=  5 k=1 E_perturbed=30 seed=2112709520
[00:48:21]   -> E=30 cl13=11 cl23=19 t=120.1s
[00:48:21] trial=  6 k=5 E_perturbed=42 seed=1255748360
[00:50:21]   -> E=42 cl13=18 cl23=24 t=120.1s
[00:50:21] trial=  7 k=5 E_perturbed=41 seed=1379105606
[00:52:21]   -> E=26 cl13=8 cl23=18 t=120.1s
[00:52:21] trial=  8 k=5 E_perturbed=51 seed=1472859828
[00:54:21]   -> E=38 cl13=16 cl23=22 t=120.1s
[00:54:21] trial=  9 k=5 E_perturbed=42 seed=598975187
[00:56:21]   -> E=42 cl13=17 cl23=25 t=119.8s
[00:56:21] trial= 10 k=1 E_perturbed=28 seed=1923243916
[00:58:21]   -> E=28 cl13=11 cl23=17 t=120.1s
[00:58:21] trial= 11 k=1 E_perturbed=28 seed=1501810522
[01:00:21]   -> E=28 cl13=11 cl23=17 t=120.1s
[01:00:21] trial= 12 k=5 E_perturbed=43 seed=1252417981
[01:02:22]   -> E=43 cl13=18 cl23=25 t=120.1s
[01:02:22] trial= 13 k=3 E_perturbed=39 seed=821714437
[01:04:22]   -> E=39 cl13=15 cl23=24 t=120.1s
[01:04:22] trial= 14 k=3 E_perturbed=43 seed=1527294723
[01:06:22]   -> E=43 cl13=18 cl23=25 t=120.2s
[01:06:22] trial= 15 k=5 E_perturbed=46 seed=1201331626
[01:08:22]   -> E=45 cl13=18 cl23=27 t=120.2s
[01:08:22] trial= 16 k=1 E_perturbed=33 seed=1183604335
[01:10:22]   -> E=33 cl13=12 cl23=21 t=120.2s
[01:10:22] trial= 17 k=5 E_perturbed=50 seed=1924225508
[01:12:23]   -> E=32 cl13=11 cl23=21 t=120.2s
[01:12:23] trial= 18 k=1 E_perturbed=32 seed=631552183
[01:14:23]   -> E=32 cl13=12 cl23=20 t=120.2s
[01:14:23] trial= 19 k=8 E_perturbed=48 seed=1436891697
[01:16:23]   -> E=48 cl13=25 cl23=23 t=120.2s
[01:16:23] trial= 20 k=4 E_perturbed=47 seed=521704328
[01:18:23]   -> E=47 cl13=19 cl23=28 t=120.2s
[01:18:23] trial= 21 k=2 E_perturbed=35 seed=779667619
[01:20:23]   -> E=35 cl13=14 cl23=21 t=120.1s
[01:20:23] trial= 22 k=8 E_perturbed=42 seed=2075545301
[01:22:24]   -> E=42 cl13=16 cl23=26 t=120.5s
[01:22:24] trial= 23 k=2 E_perturbed=36 seed=1526181260
[01:24:24]   -> E=36 cl13=15 cl23=21 t=120.1s
[01:24:24] trial= 24 k=1 E_perturbed=32 seed=930056077
[01:26:24]   -> E=32 cl13=12 cl23=20 t=120.2s
[01:26:24] trial= 25 k=1 E_perturbed=31 seed=726532979
[01:28:24]   -> E=31 cl13=10 cl23=21 t=120.2s
[01:28:24] trial= 26 k=1 E_perturbed=31 seed=779361927
[01:30:24]   -> E=31 cl13=10 cl23=21 t=120.1s
[01:30:24] trial= 27 k=3 E_perturbed=38 seed=213128051
[01:32:24]   -> E=38 cl13=18 cl23=20 t=120.2s
[01:32:25] trial= 28 k=7 E_perturbed=53 seed=591554665
[01:34:25]   -> E=43 cl13=20 cl23=23 t=120.2s
[01:34:25] trial= 29 k=1 E_perturbed=28 seed=1957354488
[01:36:25]   -> E=28 cl13=11 cl23=17 t=120.2s
[01:36:25] trial= 30 k=6 E_perturbed=42 seed=1592323635
[01:38:25]   -> E=42 cl13=16 cl23=26 t=120.2s
[01:38:25] trial= 31 k=4 E_perturbed=37 seed=1942997771
[01:40:25]   -> E=37 cl13=14 cl23=23 t=120.2s
[01:40:25] trial= 32 k=6 E_perturbed=49 seed=998472730
[01:42:26]   -> E=43 cl13=22 cl23=21 t=120.2s
[01:42:26] trial= 33 k=4 E_perturbed=50 seed=1486524042
[01:44:26]   -> E=45 cl13=21 cl23=24 t=120.1s
[01:44:26] trial= 34 k=2 E_perturbed=37 seed=662967227
[01:46:26]   -> E=37 cl13=15 cl23=22 t=120.2s
[01:46:26] trial= 35 k=2 E_perturbed=30 seed=1784486550
[01:48:26]   -> E=30 cl13=11 cl23=19 t=120.1s
[01:48:26] trial= 36 k=2 E_perturbed=37 seed=330055896
[01:50:26]   -> E=37 cl13=15 cl23=22 t=120.2s
[01:50:26] trial= 37 k=5 E_perturbed=49 seed=1811966053
[01:52:26]   -> E=42 cl13=26 cl23=16 t=120.2s
[01:52:26] trial= 38 k=4 E_perturbed=44 seed=1268254937
[01:54:26]   -> E=44 cl13=18 cl23=26 t=119.5s
[01:54:26] trial= 39 k=1 E_perturbed=31 seed=1431875512
[01:56:26]   -> E=31 cl13=11 cl23=20 t=120.2s
[01:56:26] trial= 40 k=5 E_perturbed=39 seed=1486893555
[01:58:26]   -> E=39 cl13=16 cl23=23 t=120.3s
[01:58:27] trial= 41 k=6 E_perturbed=45 seed=1132905086
[02:00:27]   -> E=28 cl13=10 cl23=18 t=120.2s
[02:00:27] trial= 42 k=7 E_perturbed=59 seed=1265976415
[02:02:27]   -> E=42 cl13=24 cl23=18 t=120.2s
[02:02:27] trial= 43 k=7 E_perturbed=49 seed=1705206443
[02:04:27]   -> E=39 cl13=19 cl23=20 t=119.9s
[02:04:27] trial= 44 k=7 E_perturbed=45 seed=1253328961
[02:06:27]   -> E=32 cl13=14 cl23=18 t=120.2s
[02:06:27] trial= 45 k=8 E_perturbed=42 seed=413458134
[02:08:28]   -> E=29 cl13=10 cl23=19 t=120.9s
[02:08:28] trial= 46 k=7 E_perturbed=44 seed=1161417828
[02:10:28]   -> E=44 cl13=21 cl23=23 t=120.2s
[02:10:28] trial= 47 k=3 E_perturbed=36 seed=962345841
[02:12:28]   -> E=36 cl13=16 cl23=20 t=120.2s
[02:12:28] trial= 48 k=3 E_perturbed=40 seed=221580861
[02:14:28]   -> E=40 cl13=17 cl23=23 t=120.2s
[02:14:28] trial= 49 k=2 E_perturbed=35 seed=620219010
[02:16:29]   -> E=35 cl13=15 cl23=20 t=120.2s
[02:16:29] trial= 50 k=7 E_perturbed=52 seed=2082246841
[02:18:29]   -> E=40 cl13=19 cl23=21 t=120.3s
[02:18:29] trial= 51 k=5 E_perturbed=48 seed=317776007
[02:20:29]   -> E=40 cl13=17 cl23=23 t=120.2s
[02:20:29] trial= 52 k=4 E_perturbed=46 seed=782887145
[02:22:29]   -> E=33 cl13=14 cl23=19 t=120.2s
[02:22:29] trial= 53 k=2 E_perturbed=37 seed=478062
[02:24:30]   -> E=37 cl13=14 cl23=23 t=120.6s
[02:24:30] trial= 54 k=5 E_perturbed=51 seed=1210926888
[02:26:30]   -> E=44 cl13=18 cl23=26 t=120.2s
[02:26:30] trial= 55 k=2 E_perturbed=35 seed=2131043165
[02:28:30]   -> E=35 cl13=14 cl23=21 t=120.1s
[02:28:30] trial= 56 k=4 E_perturbed=43 seed=1481770430
[02:30:31]   -> E=43 cl13=19 cl23=24 t=120.2s
[02:30:31] trial= 57 k=7 E_perturbed=52 seed=1801580940
[02:32:30]   -> E=47 cl13=26 cl23=21 t=119.8s
[02:32:30] trial= 58 k=8 E_perturbed=46 seed=1694402660
[02:34:31]   -> E=46 cl13=21 cl23=25 t=120.2s
[02:34:31] trial= 59 k=1 E_perturbed=30 seed=667737502
[02:36:31]   -> E=30 cl13=11 cl23=19 t=120.1s
[02:36:31] trial= 60 k=3 E_perturbed=40 seed=826110307
[02:38:31]   -> E=40 cl13=16 cl23=24 t=120.2s
[02:38:31] trial= 61 k=2 E_perturbed=34 seed=818833513
[02:40:31]   -> E=34 cl13=14 cl23=20 t=120.2s
[02:40:31] trial= 62 k=4 E_perturbed=45 seed=2020806724
[02:42:31]   -> E=45 cl13=19 cl23=26 t=120.2s
[02:42:31] trial= 63 k=7 E_perturbed=58 seed=1966324602
[02:44:32]   -> E=43 cl13=18 cl23=25 t=120.2s
[02:44:32] trial= 64 k=6 E_perturbed=42 seed=1307506228
[02:46:32]   -> E=33 cl13=12 cl23=21 t=119.9s
[02:46:32] trial= 65 k=4 E_perturbed=46 seed=238866997
[02:48:32]   -> E=43 cl13=19 cl23=24 t=120.3s
[02:48:32] trial= 66 k=8 E_perturbed=53 seed=410354603
